pyinstaller : 113 INFO:
 PyInstaller: 6.17.0, c
ontrib hooks: 2025.11
発生場所 行:1 文字:1
+ pyinstaller --clean U
niversal_Voice_AI_Groq.
spec > build_output.log
 2 ...
+ ~~~~~~~~~~~~~~~~~~~~~
~~~~~~~~~~~~~~~~~~~~~~~
~~~~~~~~~~~~~~~~~~~~~~~
~~
    + CategoryInfo     
         : NotSpecifi  
  ed: (113 INFO: PyI   
 ns... hooks: 2025.    
11:String) [], Rem    o
teException
    + FullyQualifiedEr 
   rorId : NativeComm  
  andError
 
113 INFO: Python: 3.12.
8
139 INFO: Platform: Win
dows-11-10.0.26100-SP0
139 INFO: Python enviro
nment: C:\Users\PHARMY\
AppData\Local\Programs\
Python\Python312
141 INFO: Removing temp
orary files and cleanin
g cache in C:\Users\PHA
RMY\AppData\Local\pyins
taller
153 INFO: Module search
 paths (PYTHONPATH):
['C:\\Users\\PHARMY\\Ap
pData\\Local\\Programs\
\Python\\Python312\\Scr
ipts\\pyinstaller.exe',
 'C:\\Users\\PHARMY\\Ap
pData\\Local\\Programs\
\Python\\Python312\\pyt
hon312.zip',
 'C:\\Users\\PHARMY\\Ap
pData\\Local\\Programs\
\Python\\Python312\\DLL
s',
 'C:\\Users\\PHARMY\\Ap
pData\\Local\\Programs\
\Python\\Python312\\Lib
',
 'C:\\Users\\PHARMY\\Ap
pData\\Local\\Programs\
\Python\\Python312',
 'C:\\Users\\PHARMY\\Ap
pData\\Local\\Programs\
\Python\\Python312\\Lib
\\site-packages',
 'C:\\Users\\PHARMY\\Ap
pData\\Local\\Programs\
\Python\\Python312\\Lib
\\site-packages\\win32'
,
 'C:\\Users\\PHARMY\\Ap
pData\\Local\\Programs\
\Python\\Python312\\Lib
\\site-packages\\win32\
\lib',
 'C:\\Users\\PHARMY\\Ap
pData\\Local\\Programs\
\Python\\Python312\\Lib
\\site-packages\\Python
win',
 'C:\\Users\\PHARMY\\De
sktop\\aizawa_git\\Univ
ersal-Voice-AI']
475 INFO: Appending 'bi
naries' from .spec
475 INFO: Appending 'da
tas' from .spec
479 INFO: checking Anal
ysis
479 INFO: Building Anal
ysis because Analysis-0
0.toc is non existent
479 INFO: Looking for P
ython shared library...
479 INFO: Using Python 
shared library: C:\User
s\PHARMY\AppData\Local\
Programs\Python\Python3
12\python312.dll
479 INFO: Running Analy
sis Analysis-00.toc
479 INFO: Target byteco
de optimization level: 
0
479 INFO: Initializing 
module dependency graph
...
479 INFO: Initializing 
module graph hook cache
s...
492 INFO: Analyzing mod
ules for base_library.z
ip ...
1388 INFO: Processing s
tandard module hook 'ho
ok-encodings.py' from '
C:\\Users\\PHARMY\\AppD
ata\\Local\\Programs\\P
ython\\Python312\\Lib\\
site-packages\\PyInstal
ler\\hooks'
2574 INFO: Processing s
tandard module hook 'ho
ok-pickle.py' from 'C:\
\Users\\PHARMY\\AppData
\\Local\\Programs\\Pyth
on\\Python312\\Lib\\sit
e-packages\\PyInstaller
\\hooks'
3485 INFO: Processing s
tandard module hook 'ho
ok-heapq.py' from 'C:\\
Users\\PHARMY\\AppData\
\Local\\Programs\\Pytho
n\\Python312\\Lib\\site
-packages\\PyInstaller\
\hooks'
3795 INFO: Caching modu
le dependency graph...
3824 INFO: Analyzing C:
\Users\PHARMY\Desktop\a
izawa_git\Universal-Voi
ce-AI\main.py
3841 INFO: Processing s
tandard module hook 'ho
ok-customtkinter.py' fr
om 'C:\\Users\\PHARMY\\
AppData\\Local\\Program
s\\Python\\Python312\\L
ib\\site-packages\\_pyi
nstaller_hooks_contrib\
\stdhooks'
3869 INFO: Processing p
re-find-module-path hoo
k 'hook-tkinter.py' fro
m 'C:\\Users\\PHARMY\\A
ppData\\Local\\Programs
\\Python\\Python312\\Li
b\\site-packages\\PyIns
taller\\hooks\\pre_find
_module_path'
3869 INFO: TclTkInfo: i
nitializing cached Tcl/
Tk info...
4065 INFO: Processing s
tandard module hook 'ho
ok-_tkinter.py' from 'C
:\\Users\\PHARMY\\AppDa
ta\\Local\\Programs\\Py
thon\\Python312\\Lib\\s
ite-packages\\PyInstall
er\\hooks'
4122 INFO: Processing s
tandard module hook 'ho
ok-platform.py' from 'C
:\\Users\\PHARMY\\AppDa
ta\\Local\\Programs\\Py
thon\\Python312\\Lib\\s
ite-packages\\PyInstall
er\\hooks'
4136 INFO: Processing s
tandard module hook 'ho
ok-_ctypes.py' from 'C:
\\Users\\PHARMY\\AppDat
a\\Local\\Programs\\Pyt
hon\\Python312\\Lib\\si
te-packages\\PyInstalle
r\\hooks'
4139 INFO: Processing p
re-safe-import-module h
ook 'hook-packaging.py'
 from 'C:\\Users\\PHARM
Y\\AppData\\Local\\Prog
rams\\Python\\Python312
\\Lib\\site-packages\\P
yInstaller\\hooks\\pre_
safe_import_module'
4139 INFO: SetuptoolsIn
fo: initializing cached
 setuptools info...
7122 INFO: Processing p
re-safe-import-module h
ook 'hook-typing_extens
ions.py' from 'C:\\User
s\\PHARMY\\AppData\\Loc
al\\Programs\\Python\\P
ython312\\Lib\\site-pac
kages\\PyInstaller\\hoo
ks\\pre_safe_import_mod
ule'
7300 INFO: Processing s
tandard module hook 'ho
ok-multiprocessing.util
.py' from 'C:\\Users\\P
HARMY\\AppData\\Local\\
Programs\\Python\\Pytho
n312\\Lib\\site-package
s\\PyInstaller\\hooks'
7420 INFO: Processing s
tandard module hook 'ho
ok-xml.py' from 'C:\\Us
ers\\PHARMY\\AppData\\L
ocal\\Programs\\Python\
\Python312\\Lib\\site-p
ackages\\PyInstaller\\h
ooks'
7934 INFO: Processing s
tandard module hook 'ho
ok-PIL.py' from 'C:\\Us
ers\\PHARMY\\AppData\\L
ocal\\Programs\\Python\
\Python312\\Lib\\site-p
ackages\\PyInstaller\\h
ooks'
8012 INFO: Processing s
tandard module hook 'ho
ok-PIL.Image.py' from '
C:\\Users\\PHARMY\\AppD
ata\\Local\\Programs\\P
ython\\Python312\\Lib\\
site-packages\\PyInstal
ler\\hooks'
8281 INFO: Processing s
tandard module hook 'ho
ok-numpy.py' from 'C:\\
Users\\PHARMY\\AppData\
\Local\\Programs\\Pytho
n\\Python312\\Lib\\site
-packages\\PyInstaller\
\hooks'
8571 INFO: Processing s
tandard module hook 'ho
ok-sysconfig.py' from '
C:\\Users\\PHARMY\\AppD
ata\\Local\\Programs\\P
ython\\Python312\\Lib\\
site-packages\\PyInstal
ler\\hooks'
9235 INFO: Processing s
tandard module hook 'ho
ok-difflib.py' from 'C:
\\Users\\PHARMY\\AppDat
a\\Local\\Programs\\Pyt
hon\\Python312\\Lib\\si
te-packages\\PyInstalle
r\\hooks'
10195 INFO: Processing 
standard module hook 'h
ook-charset_normalizer.
py' from 'C:\\Users\\PH
ARMY\\AppData\\Local\\P
rograms\\Python\\Python
312\\Lib\\site-packages
\\_pyinstaller_hooks_co
ntrib\\stdhooks'
10532 INFO: Processing 
standard module hook 'h
ook-xml.etree.cElementT
ree.py' from 'C:\\Users
\\PHARMY\\AppData\\Loca
l\\Programs\\Python\\Py
thon312\\Lib\\site-pack
ages\\PyInstaller\\hook
s'
10692 INFO: Processing 
standard module hook 'h
ook-PIL.ImageFilter.py'
 from 'C:\\Users\\PHARM
Y\\AppData\\Local\\Prog
rams\\Python\\Python312
\\Lib\\site-packages\\P
yInstaller\\hooks'
11204 INFO: Processing 
standard module hook 'h
ook-cv2.py' from 'C:\\U
sers\\PHARMY\\AppData\\
Local\\Programs\\Python
\\Python312\\Lib\\site-
packages\\_pyinstaller_
hooks_contrib\\stdhooks
'
C:\Users\PHARMY\AppData
\Local\Programs\Python\
Python312\Lib\site-pack
ages\pyautogui\_pyautog
ui_x11.py:284: SyntaxWa
rning: invalid escape s
equence '\e'
  '\e': _display.keysym
_to_keycode(Xlib.XK.str
ing_to_keysym('Escape')
),
11703 INFO: Processing 
standard module hook 'h
ook-pynput.py' from 'C:
\\Users\\PHARMY\\AppDat
a\\Local\\Programs\\Pyt
hon\\Python312\\Lib\\si
te-packages\\_pyinstall
er_hooks_contrib\\stdho
oks'
11967 INFO: Processing 
pre-safe-import-module 
hook 'hook-six.moves.py
' from 'C:\\Users\\PHAR
MY\\AppData\\Local\\Pro
grams\\Python\\Python31
2\\Lib\\site-packages\\
PyInstaller\\hooks\\pre
_safe_import_module'
12042 INFO: Processing 
standard module hook 'h
ook-pydantic.py' from '
C:\\Users\\PHARMY\\AppD
ata\\Local\\Programs\\P
ython\\Python312\\Lib\\
site-packages\\_pyinsta
ller_hooks_contrib\\std
hooks'
12854 INFO: Processing 
standard module hook 'h
ook-zoneinfo.py' from '
C:\\Users\\PHARMY\\AppD
ata\\Local\\Programs\\P
ython\\Python312\\Lib\\
site-packages\\_pyinsta
ller_hooks_contrib\\std
hooks'
13942 INFO: Processing 
standard module hook 'h
ook-certifi.py' from 'C
:\\Users\\PHARMY\\AppDa
ta\\Local\\Programs\\Py
thon\\Python312\\Lib\\s
ite-packages\\_pyinstal
ler_hooks_contrib\\stdh
ooks'
14345 INFO: Processing 
standard module hook 'h
ook-pycparser.py' from 
'C:\\Users\\PHARMY\\App
Data\\Local\\Programs\\
Python\\Python312\\Lib\
\site-packages\\_pyinst
aller_hooks_contrib\\st
dhooks'
14606 INFO: Processing 
standard module hook 'h
ook-setuptools.py' from
 'C:\\Users\\PHARMY\\Ap
pData\\Local\\Programs\
\Python\\Python312\\Lib
\\site-packages\\PyInst
aller\\hooks'
14617 INFO: Processing 
pre-safe-import-module 
hook 'hook-distutils.py
' from 'C:\\Users\\PHAR
MY\\AppData\\Local\\Pro
grams\\Python\\Python31
2\\Lib\\site-packages\\
PyInstaller\\hooks\\pre
_safe_import_module'
14641 INFO: Processing 
pre-safe-import-module 
hook 'hook-jaraco.py' f
rom 'C:\\Users\\PHARMY\
\AppData\\Local\\Progra
ms\\Python\\Python312\\
Lib\\site-packages\\PyI
nstaller\\hooks\\pre_sa
fe_import_module'
14642 INFO: Setuptools:
 'jaraco' appears to be
 a full setuptools-vend
ored copy - creating al
ias to 'setuptools._ven
dor.jaraco'!
14649 INFO: Processing 
pre-safe-import-module 
hook 'hook-more_itertoo
ls.py' from 'C:\\Users\
\PHARMY\\AppData\\Local
\\Programs\\Python\\Pyt
hon312\\Lib\\site-packa
ges\\PyInstaller\\hooks
\\pre_safe_import_modul
e'
14649 INFO: Setuptools:
 'more_itertools' appea
rs to be a setuptools-v
endored copy - creating
 alias to 'setuptools._
vendor.more_itertools'!
14997 INFO: Processing 
standard module hook 'h
ook-setuptools._vendor.
jaraco.text.py' from 'C
:\\Users\\PHARMY\\AppDa
ta\\Local\\Programs\\Py
thon\\Python312\\Lib\\s
ite-packages\\PyInstall
er\\hooks'
14998 INFO: Processing 
pre-safe-import-module 
hook 'hook-importlib_re
sources.py' from 'C:\\U
sers\\PHARMY\\AppData\\
Local\\Programs\\Python
\\Python312\\Lib\\site-
packages\\PyInstaller\\
hooks\\pre_safe_import_
module'
15005 INFO: Processing 
pre-safe-import-module 
hook 'hook-backports.py
' from 'C:\\Users\\PHAR
MY\\AppData\\Local\\Pro
grams\\Python\\Python31
2\\Lib\\site-packages\\
PyInstaller\\hooks\\pre
_safe_import_module'
15006 INFO: Setuptools:
 'backports' appears to
 be a full setuptools-v
endored copy - creating
 alias to 'setuptools._
vendor.backports'!
15122 INFO: Processing 
pre-safe-import-module 
hook 'hook-importlib_me
tadata.py' from 'C:\\Us
ers\\PHARMY\\AppData\\L
ocal\\Programs\\Python\
\Python312\\Lib\\site-p
ackages\\PyInstaller\\h
ooks\\pre_safe_import_m
odule'
15142 INFO: Processing 
standard module hook 'h
ook-importlib_metadata.
py' from 'C:\\Users\\PH
ARMY\\AppData\\Local\\P
rograms\\Python\\Python
312\\Lib\\site-packages
\\PyInstaller\\hooks'
15160 INFO: Processing 
pre-safe-import-module 
hook 'hook-zipp.py' fro
m 'C:\\Users\\PHARMY\\A
ppData\\Local\\Programs
\\Python\\Python312\\Li
b\\site-packages\\PyIns
taller\\hooks\\pre_safe
_import_module'
15361 INFO: Processing 
pre-safe-import-module 
hook 'hook-tomli.py' fr
om 'C:\\Users\\PHARMY\\
AppData\\Local\\Program
s\\Python\\Python312\\L
ib\\site-packages\\PyIn
staller\\hooks\\pre_saf
e_import_module'
15361 INFO: Setuptools:
 'tomli' appears to be 
a setuptools-vendored c
opy - creating alias to
 'setuptools._vendor.to
mli'!
15693 INFO: Processing 
pre-safe-import-module 
hook 'hook-wheel.py' fr
om 'C:\\Users\\PHARMY\\
AppData\\Local\\Program
s\\Python\\Python312\\L
ib\\site-packages\\PyIn
staller\\hooks\\pre_saf
e_import_module'
15695 INFO: Setuptools:
 'wheel' appears to be 
a setuptools-vendored c
opy - creating alias to
 'setuptools._vendor.wh
eel'!
16369 INFO: Processing 
standard module hook 'h
ook-anyio.py' from 'C:\
\Users\\PHARMY\\AppData
\\Local\\Programs\\Pyth
on\\Python312\\Lib\\sit
e-packages\\_pyinstalle
r_hooks_contrib\\stdhoo
ks'
17707 INFO: Processing 
standard module hook 'h
ook-pystray.py' from 'C
:\\Users\\PHARMY\\AppDa
ta\\Local\\Programs\\Py
thon\\Python312\\Lib\\s
ite-packages\\_pyinstal
ler_hooks_contrib\\stdh
ooks'
17961 INFO: Processing 
pre-safe-import-module 
hook 'hook-gi.py' from 
'C:\\Users\\PHARMY\\App
Data\\Local\\Programs\\
Python\\Python312\\Lib\
\site-packages\\PyInsta
ller\\hooks\\pre_safe_i
mport_module'
18079 INFO: Analyzing h
idden import 'pywin32'
18081 ERROR: Hidden imp
ort 'pywin32' not found
18081 INFO: Processing 
module hooks (post-grap
h stage)...
18226 WARNING: Hidden i
mport "pycparser.lextab
" not found!
18226 WARNING: Hidden i
mport "pycparser.yaccta
b" not found!
18704 INFO: Processing 
standard module hook 'h
ook-PIL.SpiderImagePlug
in.py' from 'C:\\Users\
\PHARMY\\AppData\\Local
\\Programs\\Python\\Pyt
hon312\\Lib\\site-packa
ges\\PyInstaller\\hooks
'
18788 INFO: Processing 
standard module hook 'h
ook-_tkinter.py' from '
C:\\Users\\PHARMY\\AppD
ata\\Local\\Programs\\P
ython\\Python312\\Lib\\
site-packages\\PyInstal
ler\\hooks'
18789 INFO: Processing 
standard module hook 'h
ook-tzdata.py' from 'C:
\\Users\\PHARMY\\AppDat
a\\Local\\Programs\\Pyt
hon\\Python312\\Lib\\si
te-packages\\_pyinstall
er_hooks_contrib\\stdho
oks'
19162 INFO: Performing 
binary vs. data reclass
ification (1644 entries
)
19273 INFO: Looking for
 ctypes DLLs
19278 WARNING: Ignoring
 AppKit.framework/AppKi
t imported from C:\User
s\PHARMY\AppData\Local\
Programs\Python\Python3
12\Lib\site-packages\da
rkdetect\_mac_detect.py
 - only basenames are s
upported with ctypes im
ports!
19337 INFO: Analyzing r
un-time hooks ...
19341 INFO: Including r
un-time hook 'pyi_rth_i
nspect.py' from 'C:\\Us
ers\\PHARMY\\AppData\\L
ocal\\Programs\\Python\
\Python312\\Lib\\site-p
ackages\\PyInstaller\\h
ooks\\rthooks'
19343 INFO: Including r
un-time hook 'pyi_rth_p
kgutil.py' from 'C:\\Us
ers\\PHARMY\\AppData\\L
ocal\\Programs\\Python\
\Python312\\Lib\\site-p
ackages\\PyInstaller\\h
ooks\\rthooks'
19345 INFO: Including r
un-time hook 'pyi_rth_m
ultiprocessing.py' from
 'C:\\Users\\PHARMY\\Ap
pData\\Local\\Programs\
\Python\\Python312\\Lib
\\site-packages\\PyInst
aller\\hooks\\rthooks'
19348 INFO: Including r
un-time hook 'pyi_rth_s
etuptools.py' from 'C:\
\Users\\PHARMY\\AppData
\\Local\\Programs\\Pyth
on\\Python312\\Lib\\sit
e-packages\\PyInstaller
\\hooks\\rthooks'
19349 INFO: Including r
un-time hook 'pyi_rth__
tkinter.py' from 'C:\\U
sers\\PHARMY\\AppData\\
Local\\Programs\\Python
\\Python312\\Lib\\site-
packages\\PyInstaller\\
hooks\\rthooks'
19391 INFO: Creating ba
se_library.zip...
19406 INFO: Looking for
 dynamic libraries
20549 INFO: Extra DLL s
earch directories (AddD
llDirectory): ['C:\\Use
rs\\PHARMY\\AppData\\Lo
cal\\Programs\\Python\\
Python312\\Lib\\site-pa
ckages\\numpy.libs', 'C
:\\Users\\PHARMY\\AppDa
ta\\Local\\Programs\\Py
thon\\Python312\\Lib\\s
ite-packages\\cv2\\../.
./x64/vc17/bin']
20549 INFO: Extra DLL s
earch directories (PATH
): ['C:\\Users\\PHARMY\
\AppData\\Local\\Progra
ms\\Python\\Python312\\
Lib\\site-packages\\cv2
\\../../x64/vc17/bin']
21007 INFO: Warnings wr
itten to C:\Users\PHARM
Y\Desktop\aizawa_git\Un
iversal-Voice-AI\build\
Universal_Voice_AI_Groq
\warn-Universal_Voice_A
I_Groq.txt
21091 INFO: Graph cross
-reference written to C
:\Users\PHARMY\Desktop\
aizawa_git\Universal-Vo
ice-AI\build\Universal_
Voice_AI_Groq\xref-Univ
ersal_Voice_AI_Groq.htm
l
21160 INFO: checking PY
Z
21161 INFO: Building PY
Z because PYZ-00.toc is
 non existent
21161 INFO: Building PY
Z (ZlibArchive) C:\User
s\PHARMY\Desktop\aizawa
_git\Universal-Voice-AI
\build\Universal_Voice_
AI_Groq\PYZ-00.pyz
22057 INFO: Building PY
Z (ZlibArchive) C:\User
s\PHARMY\Desktop\aizawa
_git\Universal-Voice-AI
\build\Universal_Voice_
AI_Groq\PYZ-00.pyz comp
leted successfully.
22102 INFO: checking PK
G
22102 INFO: Building PK
G because PKG-00.toc is
 non existent
22102 INFO: Building PK
G (CArchive) Universal_
Voice_AI.pkg
37916 INFO: Building PK
G (CArchive) Universal_
Voice_AI.pkg completed 
successfully.
37945 INFO: Bootloader 
C:\Users\PHARMY\AppData
\Local\Programs\Python\
Python312\Lib\site-pack
ages\PyInstaller\bootlo
ader\Windows-64bit-inte
l\runw.exe
37945 INFO: checking EX
E
37945 INFO: Building EX
E because EXE-00.toc is
 non existent
37945 INFO: Building EX
E from EXE-00.toc
37952 INFO: Copying boo
tloader EXE to C:\Users
\PHARMY\Desktop\aizawa_
git\Universal-Voice-AI\
dist\Universal_Voice_AI
.exe
37966 INFO: Copying ico
n to EXE
37980 INFO: Copying 0 r
esources to EXE
37980 INFO: Embedding m
anifest in EXE
37992 INFO: Appending P
KG archive to EXE
37993 WARNING: Executio
n of '_append_data_to_e
xe' failed on attempt #
1 / 20: PermissionError
(13, 'Permission denied
'). Retrying in 0.05 se
cond(s)...
38090 INFO: Fixing EXE 
headers
38888 INFO: Building EX
E from EXE-00.toc compl
eted successfully.
38914 INFO: Build compl
ete! The results are av
ailable in: C:\Users\PH
ARMY\Desktop\aizawa_git
\Universal-Voice-AI\dis
t
